// Jest Snapshot v1, https://goo.gl/fbAQLP

exports[`Content unit tests should render correctly 1`] = `
.c0 {
  margin: 0 auto;
  max-width: 750px;
  padding: 10px;
  height: inherit;
}

<div>
  <div
    class="c0"
  >
    Hello world
  </div>
</div>
`;
