// Jest Snapshot v1, https://goo.gl/fbAQLP

exports[`MainSection unit tests should render correctly 1`] = `
.c0 {
  min-height: 600px;
  height: calc(100vh - 80px);
}

@media (max-width:640px) {
  .c0 {
    height: calc(100vh - 110px);
  }
}

<div>
  <section
    class="c0"
  >
    <img
      alt="Banniere.JPG"
      blurdataurl="data:image/jpeg;base64,/9j/4AAQSkZJRgABAQAAAQABAAD/4gIoSUNDX1BST0ZJTEUAAQEAAAIYAAAAAAQwAABtbnRyUkdCIFhZWiAAAAAAAAAAAAAAAABhY3NwAAAAAAAAAAAAAAAAAAAAAAAAAAAAAAAAAAAAAQAA9tYAAQAAAADTLQAAAAAAAAAAAAAAAAAAAAAAAAAAAAAAAAAAAAAAAAAAAAAAAAAAAAAAAAAAAAAAAAAAAAlkZXNjAAAA8AAAAHRyWFlaAAABZAAAABRnWFlaAAABeAAAABRiWFlaAAABjAAAABRyVFJDAAABoAAAAChnVFJDAAABoAAAAChiVFJDAAABoAAAACh3dHB0AAAByAAAABRjcHJ0AAAB3AAAADxtbHVjAAAAAAAAAAEAAAAMZW5VUwAAAFgAAAAcAHMAUgBHAEIAAAAAAAAAAAAAAAAAAAAAAAAAAAAAAAAAAAAAAAAAAAAAAAAAAAAAAAAAAAAAAAAAAAAAAAAAAAAAAAAAAAAAAAAAAAAAAAAAAAAAAAAAAFhZWiAAAAAAAABvogAAOPUAAAOQWFlaIAAAAAAAAGKZAAC3hQAAGNpYWVogAAAAAAAAJKAAAA+EAAC2z3BhcmEAAAAAAAQAAAACZmYAAPKnAAANWQAAE9AAAApbAAAAAAAAAABYWVogAAAAAAAA9tYAAQAAAADTLW1sdWMAAAAAAAAAAQAAAAxlblVTAAAAIAAAABwARwBvAG8AZwBsAGUAIABJAG4AYwAuACAAMgAwADEANv/bAEMAFA4PEg8NFBIQEhcVFBgeMiEeHBwePSwuJDJJQExLR0BGRVBac2JQVW1WRUZkiGVtd3uBgoFOYI2XjH2Wc36BfP/bAEMBFRcXHhoeOyEhO3xTRlN8fHx8fHx8fHx8fHx8fHx8fHx8fHx8fHx8fHx8fHx8fHx8fHx8fHx8fHx8fHx8fHx8fP/AABEIAZkCZgMBIgACEQEDEQH/xAAYAAEBAQEBAAAAAAAAAAAAAAAAAQQDBf/EABQQAQAAAAAAAAAAAAAAAAAAAAD/xAAXAQEBAQEAAAAAAAAAAAAAAAAAAQID/8QAFBEBAAAAAAAAAAAAAAAAAAAAAP/aAAwDAQACEQMRAD8A8cBzUAAQAABABFAAQAQAARUQAAQABFQAAEAUQAEABEVFQRUARUUQBRAAQEFEVAEVAEVBQABAAAFAAAAAAUAQVAFAUABAABUUAAAAHoAMKAAAAAAACCKiKACAACKiAACAAIqAAgAIoAAiKgCKioIqAIqKIAoiKgCKgoioAioAioKAAgAoAAAAAAACgAACKIoACoAAKgCgAAA9ABhQAAAQEAVAAARQAQEAAAEVEAEAAAQAEVFBFQBFQBAVBABAFERUUEVAEVBUAAQAEAUQAAAABQRQAAAAFRRAABUAUBQAEAAAAAAegAwAAAAAAAAAIgAAAACAACAgAAgAIAAogAIAogIIAigioAgKCACACoCAAgAAqAAAgKgCgAAAKIoAAKICKAAqCigCAAAAAAPQEGBUAAAAAAAABAEAAAAAEAAEAAAQAEABAAQFBAEEBRAQAEUEVBRFQBAAQAEAUEAAAABQQBQAAAURRAABUAUBQAEAAUQBRAHoCDAogCiAKIAAAAAAiCoAAAAgACAAAIAAIACAAigCAIqKCAIgCiAgoCAIqAIqAAgoAAgCgAAAAAKIAoAiiAKIoCoKKICKIAoAAAN4gyAAACAAAAACAogCoCAAAIAAAIAAIAACAigACAgAIoIqCCAoIIKAgAIACAAgoAAICqIAogCiAKAAqAiiKAACiAKAqAAAAAANwDIAAAAAIAAAgCiAAAAIgogACAqAACAAiioICoIACAAigCCCAqiACAgAIACAAgoAAIAogKogCiKAAAqAKAIKgCiAKAIAKAAAANwgyKIAogCiAKIIKIAqAACAogCoAAgCoAAgACAAgAIACKAIACCCAKIIoAgAIACAAgoAoCAKICqIAoigAAKgiKIoCoAogCgCACgqAKIA2gMgAAAAAAAAAgCAKIAqAACAogACAqAAIAAgAIoAgAIAioAgKCCAAgCAAgKCAKAgKIAogCiAKIooAIKgCiKAACiAKIIigKAAAANogyiiAKIAogKogCiAKIIAAAICiAKgACAAACAACKAIAIACACAAgigCAIACCKKgAIAACqAAAAAAAAAIKIAoigAAKgIogCiAKIAoANgDKAAAAAICiAKICqIAogCiAKIAAgKIAAgKggKgAIACAAggKgigIAIAggiqAgAIoqAAAAqAKIAogCiAKAAAKAAACACCiAKIAogCiANogyiiAKIAogCiAKIAogAAKAACAKIAAgKIACAAIACAAgAIoIAgggAIqgIACKAAAAAAAAAAAAAAAAAAAAAAAACoAogCiAKIA2CDDKiAqiAKIAogCiAKIAogCiAKICgICiAAICoACAoIACAAggioIAIKCAKCCgAAAAAAAAAAAAAAAAAAAAAAAAAAAAAAAAADWIMsqIAogCiAKICqIAogCoAAAAICiAqoAAgACAAgAIIAgAgoIACAAgKoAAAAAAAAAAAAAAAAAAAAAAAAAAAAAAAAAAADSAyyAAAAAAAAACgAAAAgCiAKgACAKgAIAAgAgKCAAggACggCgAAAAAAAAAAAAAAAAAAAAAAAAAAAAAAAAAAAAANADLIAAAAAAAAAAAAAKCAKgAAgKIAAgAIoqCAqCAqCAAKCAKAAAAAAAAAAAAAAAAAAAAAAAAAAAAAAAAAAAAAAAA7gIwAAACgCAAAAAAAIAogAAACCgCggAAgAIACKAACAKAAAAAAAAAAAAAAAAAAAAAAAAAAAAAAAAAAAAAAAAAA7gIwAAAAAAIqCgAACAAAIKAAAIAAAgAAgoAogACKgoAAAAAAAAAAAAAAAAAAAAAAAAAAAAAAAAAAAAAAAAAAADuAjAAAAKAAgAgAKAgAAAACAAAAgAAgAAogKAAqAAAAAAAAAAAAAAAAAAAAAAAAAAAAAAAAAAAAAAAAAAAAAA7gIyAAAAAAgAAACKgAAAIAAAioAACACgIAAoIqCgAAAAAAAAAAAAAAAAAAAAAAAAAAAAAAAAAAAAAAAAAAAAAO4CMgAAAAAIAAAAioAAAgCAAqAAAgAAoioAAqoAAAAAAAAAAAAAAAAAAAAAAAAAAAAAAAAAAAAAAAAAAAAAAADuAjIAAAAAAioAAAioAAIgACKgoAAioAAKIqAAKqAAAAAAAAAAAAAAAAAAAAAAAAAAAAAAAAAAAAAAAAAAAAAAAA0IojKCgIAAAAigIAAioAAIgACKgoAAioAAKIAACqgAAAAAAAAAAAAAAAAAAAAAAAAAAAAAAAAAAAAAAAAAAAAAAANACMgACKgAAAAIAAACACIAAioKAAIqAACoAAAqoAAAAAAAAAAAAAAAAAAAAAAAAAAAAAAAAAAAAAAAAAAAAAAADQAMgCAACAAAAgAAAIAIgACKiKAAIqKAAqAAAKqAAAAAAAAAAAAAAAAAAAAAAAAAAAAAAAAAAAAAAAAAAAAAAAA/9k="
      layout="fill"
      objectfit="cover"
      placeholder="blur"
      src="test-file-stub"
    />
  </section>
</div>
`;
